Copyright 1986-2019 Xilinx, Inc. All Rights Reserved.
------------------------------------------------------------------------------------------------------------------
| Tool Version : Vivado v.2019.1 (lin64) Build 2552052 Fri May 24 14:47:09 MDT 2019
| Date         : Mon Jul  8 15:03:24 2024
| Host         : prakt14 running 64-bit Ubuntu 20.04.6 LTS
| Command      : report_drc -file hardware_drc_routed.rpt -pb hardware_drc_routed.pb -rpx hardware_drc_routed.rpx
| Design       : hardware
| Device       : xc7z020clg484-3
| Speed File   : -3
| Design State : Fully Routed
------------------------------------------------------------------------------------------------------------------

Report DRC

Table of Contents
-----------------
1. REPORT SUMMARY
2. REPORT DETAILS

1. REPORT SUMMARY
-----------------
            Netlist: netlist
          Floorplan: design_1
      Design limits: <entire design considered>
           Ruledeck: default
             Max violations: <unlimited>
             Violations found: 2
+----------+----------+--------------------+------------+
| Rule     | Severity | Description        | Violations |
+----------+----------+--------------------+------------+
| PDRC-153 | Warning  | Gated clock check  | 1          |
| ZPS7-1   | Warning  | PS7 block required | 1          |
+----------+----------+--------------------+------------+

2. REPORT DETAILS
-----------------
PDRC-153#1 Warning
Gated clock check  
Net top/clock_module/lcd_contr_module/lcd_rs_reg_i_2_n_0 is a gated clock net sourced by a combinational pin top/clock_module/lcd_contr_module/lcd_rs_reg_i_2/O, cell top/clock_module/lcd_contr_module/lcd_rs_reg_i_2. This is not good design practice and will likely impact performance. For SLICE registers, for example, use the CE pin to control the loading of data.
Related violations: <none>

ZPS7-1#1 Warning
PS7 block required  
The PS7 cell must be used in this Zynq design in order to enable correct default configuration.
Related violations: <none>


